Состав потока: mixed. 400 запросов, 3 повтора на точку.

========================================================================================
Конкурентность 16
========================================================================================
режим                                      rps   средняя, мс   p95, мс  лёгкие >200мс
----------------------------------------------------------------------------------------
весь трафик в синхронный            32.7 ±5.1            418      1714          24.5%
весь трафик в асинхронный           26.8 ±1.7            561      1417          74.1%
least-connections                   56.4 ±3.4            239       864          24.9%
классификатор, порог 30 мс          39.5 ±3.7            311      1498           1.7%
классификатор, порог 60 мс          43.9 ±2.9            278      1503           2.6%

Лучший одиночный движок: весь трафик в синхронный (32.66 rps, средняя 418.3 мс)
  least-connections               пропускная  +72.7%   средняя задержка в 1.75 раза меньше
  классификатор, порог 30 мс      пропускная  +20.8%   средняя задержка в 1.35 раза меньше
  классификатор, порог 60 мс      пропускная  +34.3%   средняя задержка в 1.51 раза меньше

========================================================================================
Конкурентность 32
========================================================================================
режим                                      rps   средняя, мс   p95, мс  лёгкие >200мс
----------------------------------------------------------------------------------------
весь трафик в синхронный            27.8 ±1.8            780      3566          36.6%
весь трафик в асинхронный           26.1 ±1.7           1073      2727          88.1%
least-connections                   47.4 ±5.0            485      1583          43.0%
классификатор, порог 30 мс          38.3 ±4.5            522      2955           3.8%
классификатор, порог 60 мс          37.2 ±3.2            509      2786           6.4%

Лучший одиночный движок: весь трафик в синхронный (27.8 rps, средняя 780.4 мс)
  least-connections               пропускная  +70.5%   средняя задержка в 1.61 раза меньше
  классификатор, порог 30 мс      пропускная  +37.8%   средняя задержка в 1.50 раза меньше
  классификатор, порог 60 мс      пропускная  +33.7%   средняя задержка в 1.53 раза меньше

========================================================================================
Конкурентность 64
========================================================================================
режим                                      rps   средняя, мс   p95, мс  лёгкие >200мс
----------------------------------------------------------------------------------------
весь трафик в синхронный            26.4 ±3.0           1265      6041          51.8%
весь трафик в асинхронный           26.1 ±1.4           1990      5895          95.0%
least-connections                   42.3 ±3.1            887      3339          53.9%
классификатор, порог 30 мс          37.4 ±5.9            755      4162          29.2%
классификатор, порог 60 мс          38.4 ±3.9            750      4074          37.8%

Лучший одиночный движок: весь трафик в синхронный (26.4 rps, средняя 1264.8 мс)
  least-connections               пропускная  +60.3%   средняя задержка в 1.43 раза меньше
  классификатор, порог 30 мс      пропускная  +41.8%   средняя задержка в 1.67 раза меньше
  классификатор, порог 60 мс      пропускная  +45.5%   средняя задержка в 1.69 раза меньше

Сохранено: /home/winlast/projects/adaptive_routing/data/load_levels.json
Состав потока: mixed. 400 запросов, 3 повтора на точку.

========================================================================================
Конкурентность 96
========================================================================================
режим                                      rps   средняя, мс   p95, мс  лёгкие >200мс
----------------------------------------------------------------------------------------
весь трафик в синхронный            27.6 ±2.0           1555      6810          73.2%
весь трафик в асинхронный           25.4 ±1.4           2947      8981          94.5%
least-connections                   39.9 ±3.1           1177      4608          61.0%
классификатор, порог 30 мс          27.8 ±2.9           1167      6132          55.6%
классификатор, порог 60 мс          32.7 ±2.4           1076      5301          60.8%

Лучший одиночный движок: весь трафик в синхронный (27.64 rps, средняя 1555.0 мс)
  least-connections               пропускная  +44.4%   средняя задержка в 1.32 раза меньше
  классификатор, порог 30 мс      пропускная   +0.7%   средняя задержка в 1.33 раза меньше
  классификатор, порог 60 мс      пропускная  +18.3%   средняя задержка в 1.45 раза меньше

========================================================================================
Конкурентность 128
========================================================================================
режим                                      rps   средняя, мс   p95, мс  лёгкие >200мс
----------------------------------------------------------------------------------------
весь трафик в синхронный            25.5 ±3.0           2029      8269          86.5%
весь трафик в асинхронный           24.8 ±1.4           3740     11296          97.9%
least-connections                   40.9 ±4.9           1448      5314          74.1%
классификатор, порог 30 мс          32.3 ±0.9           1294      6662          71.0%
классификатор, порог 60 мс          31.9 ±5.2           1269      5321          81.9%

Лучший одиночный движок: весь трафик в синхронный (25.53 rps, средняя 2028.8 мс)
  least-connections               пропускная  +60.3%   средняя задержка в 1.40 раза меньше
  классификатор, порог 30 мс      пропускная  +26.4%   средняя задержка в 1.57 раза меньше
  классификатор, порог 60 мс      пропускная  +24.9%   средняя задержка в 1.60 раза меньше

Сохранено: /home/winlast/projects/adaptive_routing/data/load_levels.json
